// Vitest Snapshot v1, https://vitest.dev/guide/snapshot.html

exports[`Agent > Chat > chat/submitMessage (long message) 1`] = `
"Absolutely! I'd be happy to generate a simple "Hello World" function in Java for you. Here's a straightforward implementation:

\`\`\`java:/src/HelloWorld.java
public class HelloWorld {
    public static void main(String[] args) {
        System.out.println("Hello, World!");
    }
}
\`\`\`

This code defines a class called \`HelloWorld\` with a \`main\` method, which is the entry point of the Java program. The \`System.out.println()\` statement outputs the classic "Hello, World!" message to the console.

To compile and run this Java program, you can use the following commands in your terminal:

\`\`\`bash
javac /src/HelloWorld.java
\`\`\`

\`\`\`bash
java -cp /src HelloWorld
\`\`\`

These commands will compile the Java source file and then execute the compiled program, displaying the "Hello, World!" message on your screen. Enjoy your Java programming!"
`;

exports[`Agent > Chat > chat/submitMessage (with mock context) 1`] = `
"Certainly! Here's the Dog class that implements the Animal interface:

\`\`\`typescript:src/dog.ts
import { Animal } from './animal';

export class Dog implements Animal {
    name: string;
    isMammal: boolean = true;

    constructor(name: string) {
        this.name = name;
    }

    makeAnimalSound(): string {
        return "Woof!";
    }
}
\`\`\`

This implementation fulfills the Animal interface requirements and is ready to use in your workspace."
`;

exports[`Agent > Commands > commands/explain 1`] = `
"The code in @src/animal.ts:1-6 defines an interface called Animal. This interface serves as a blueprint for creating animal objects in a TypeScript program. Let's break down what this code does in simple terms:

1) The purpose of this code is to establish a common structure that all animal objects should follow. It defines the properties and methods that any animal object must have.

2) This interface doesn't take any inputs directly. Instead, it specifies what properties and methods should be present in any object that implements this interface.

3) The interface itself doesn't produce any outputs. However, it ensures that any object implementing this interface will have specific properties and methods that can be used to get information about the animal or perform certain actions.

4) The Animal interface achieves its purpose by declaring three members:
   - A 'name' property of type string, which would store the name of the animal.
   - A 'makeAnimalSound' method that returns a string, which would be used to represent the sound the animal makes.
   - An 'isMammal' property of type boolean, which would indicate whether the animal is a mammal or not.

5) While there's no complex logic or data transformation happening in this interface declaration, it sets up a structure that ensures consistency across different animal objects in the program. Any object that implements this interface must provide values for the 'name' and 'isMammal' properties, and implement the 'makeAnimalSound' method.

This interface is particularly useful for beginners as it introduces the concept of abstraction in programming. It allows you to define a common structure for different types of animals without specifying the exact details of how each animal will implement these properties and methods. For example, a 'Dog' class and a 'Cat' class could both implement this Animal interface, ensuring they both have a name, can make a sound, and specify whether they're mammals, while allowing for unique implementations of these features for each specific animal type."
`;

exports[`Agent > Commands > commands/smell 1`] = `
"After reviewing the code in @src/animal.ts:1-6, here are some potential improvements:

1. Add readonly modifier: Consider adding the \`readonly\` modifier to the \`name\` property if it's not intended to be changed after initialization. This can prevent accidental modifications and improve type safety.

\`\`\`typescript:src/animal.ts
export interface Animal {
    readonly name: string
    makeAnimalSound(): string
    isMammal: boolean
}
\`\`\`

2. Use method signature instead of property for \`isMammal\`: If the mammal status is determined dynamically, consider changing \`isMammal\` to a method signature. This allows for more flexibility in implementation.

\`\`\`typescript:src/animal.ts
export interface Animal {
    name: string
    makeAnimalSound(): string
    isMammal(): boolean
}
\`\`\`

3. Add JSDoc comments: Enhance documentation by adding JSDoc comments to describe the interface and its members. This improves code readability and provides better IDE support.

\`\`\`typescript:src/animal.ts
/**
 * Represents an animal with basic properties and behaviors.
 */
export interface Animal {
    /** The name of the animal */
    name: string
    /** Produces the sound associated with this animal */
    makeAnimalSound(): string
    /** Indicates whether the animal is a mammal */
    isMammal: boolean
}
\`\`\`

4. Consider using a type for the sound return: If there are specific types of animal sounds, you could define a union type for the return value of \`makeAnimalSound()\`. This can improve type safety and make the code more self-documenting.

\`\`\`typescript:src/animal.ts
type AnimalSound = 'bark' | 'meow' | 'roar' | 'chirp'

export interface Animal {
    name: string
    makeAnimalSound(): AnimalSound
    isMammal: boolean
}
\`\`\`

5. Add optional properties: If there are properties that might not apply to all animals, consider making them optional. This can make the interface more flexible and easier to implement for various animal types.

\`\`\`typescript:src/animal.ts
export interface Animal {
    name: string
    makeAnimalSound(): string
    isMammal: boolean
    habitat?: string
    lifespan?: number
}
\`\`\`

Overall, the current code follows sound design principles by using an interface to define a contract for animal objects. The suggestions provided aim to enhance type safety, flexibility, and documentation. While the existing code is functional, implementing these recommendations could lead to a more robust and maintainable codebase."
`;
